[36mvite v7.3.1 [32mbuilding client environment for production...[36m[39m
transforming...
[32m✓[39m 27 modules transformed.
node.exe : [31m✗[39m Build failed in 246ms
At line:1 char:1
+ & "C:\Program Files\nodejs/node.exe" 
"C:\Program Files\nodejs/node_mo ...
+ ~~~~~~~~~~~~~~~~~~~~~~~~~~~~~~~~~~~~~~~~~~~
~~~~~~~~~~~~~~~~~~~~~~~~~~
    + CategoryInfo          : NotSpecified:  
   ([31m✗[39m Build failed in 246ms:Strin  
  g) [], RemoteException
    + FullyQualifiedErrorId : NativeCommandE 
   rror
 
[31merror during build:
[31m[vite:esbuild] Transform failed with 1 
error:
E:/cups-product/starbuck-cups-frontend/src/ap
p/admin/(dashboard)/products/page.tsx:9:93: 
ERROR: Expected ";" but found ")"[31m
file: [36mE:/cups-product/starbuck-cups-fron
tend/src/app/admin/(dashboard)/products/page.
tsx:9:93[31m
[33m
[33mExpected ";" but found ")"[33m
7  |  
8  |  // Dynamic imports for better 
performance
9  |  const ProductsHeader = React.lazy(() 
=> import("@/components/admin/products/Produc
tsHeader"))),
   |                                         
                                             
         ^
10 |    { loading: () => <div 
className="h-16 bg-gray-100 animate-pulse 
rounded" /> }
11 |  );
[31m
    at failureErrorWithLog (E:\cups-product\s
tarbuck-cups-frontend\node_modules\esbuild\li
b\main.js:1467:15)
    at E:\cups-product\starbuck-cups-frontend
\node_modules\esbuild\lib\main.js:736:50
    at responseCallbacks.<computed> (E:\cups-
product\starbuck-cups-frontend\node_modules\e
sbuild\lib\main.js:603:9)
    at handleIncomingPacket (E:\cups-product\
starbuck-cups-frontend\node_modules\esbuild\l
ib\main.js:658:12)
    at Socket.readFromStdout (E:\cups-product
\starbuck-cups-frontend\node_modules\esbuild\
lib\main.js:581:7)
    at Socket.emit (node:events:507:28)
    at addChunk 
(node:internal/streams/readable:559:12)
    at readableAddChunkPushByteMode 
(node:internal/streams/readable:510:3)
    at Readable.push 
(node:internal/streams/readable:390:5)
    at Pipe.onStreamRead (node:internal/strea
m_base_commons:189:23)[39m
